// Jest Snapshot v1, https://goo.gl/fbAQLP

exports[`test helloworld renders 1`] = `
<div>
  <h3>
    Hello, 
    foo
    !
  </h3>
  <hr />
  <form>
    <label
      htmlFor="name"
    >
      Say hello to:
    </label>
    <input
      id="name"
      onChange={[Function]}
      type="text"
      value="foo"
    />
  </form>
</div>
`;
